[*] Compiling Spec.ClassDict02 ( test/Spec/ClassDict02.hs, * )
