[*] Compiling Spec.DeriveAll06 ( test/Spec/DeriveAll06.hs, * )
