[*] Compiling Spec.DeriveAll05 ( test/Spec/DeriveAll05.hs, * )
