[*] Compiling Spec.DeriveAll04 ( test/Spec/DeriveAll04.hs, * )
