[*] Compiling Spec.DeriveAll03 ( test/Spec/DeriveAll03.hs, * )
