[*] Compiling Spec.DeriveAll01 ( test/Spec/DeriveAll01.hs, * )
