[*] Compiling Spec.DeriveAll02 ( test/Spec/DeriveAll02.hs, * )
