============ Class instances declared in this module ============
  instance Eq (AB _) -- Defined at test/Spec/DeriveAll05.hs:*
  instance Eq (BazTy a) -- Defined in `Spec.DeriveAll05'