[*] Compiling Spec.ToInstance01 ( test/Spec/ToInstance01.hs, * )