[*] Compiling Spec.ToInstance02 ( test/Spec/ToInstance02.hs, * )
